232 trajectories on 4 workers (56 already complete)
[1/232] two-plane-four-peaks s0 space-filling peak=0.20 placement 0.0220 end_to_end 0.0400
[2/232] two-plane-four-peaks s0 vwrs peak=0.20 placement 0.0154 end_to_end 0.0275
[3/232] two-plane-four-peaks s0 vwrs-n peak=0.20 placement 0.0165 end_to_end 0.0260
[4/232] two-plane-four-peaks s0 gpr-var peak=0.20 placement 0.0256 end_to_end 0.0379
[5/232] two-plane-four-peaks s0 vurs-n peak=0.20 placement 0.0188 end_to_end 0.0319
[6/232] two-plane-four-peaks s0 vurs peak=0.20 placement 0.0161 end_to_end 0.0315
[7/232] two-plane-four-peaks s0 space-filling peak=0.10 placement 0.0220 end_to_end 0.0289
[8/232] two-plane-four-peaks s0 gpr-u50-g50 peak=0.20 placement 0.0223 end_to_end 0.0317
[9/232] two-plane-four-peaks s0 vurs-a peak=0.20 placement 0.0208 end_to_end 0.0320
[10/232] two-plane-four-peaks s0 gpr-n peak=0.20 placement 0.0236 end_to_end 0.0338
[11/232] two-plane-four-peaks s0 vwrs peak=0.10 placement 0.0179 end_to_end 0.0214
[12/232] two-plane-four-peaks s0 gpr-var peak=0.10 placement 0.0224 end_to_end 0.0279
[13/232] two-plane-four-peaks s0 vwrs-n peak=0.10 placement 0.0164 end_to_end 0.0209
[14/232] two-plane-four-peaks s0 gpr-u50-g50 peak=0.10 placement 0.0189 end_to_end 0.0234
[15/232] two-plane-four-peaks s0 vurs-n peak=0.10 placement 0.0133 end_to_end 0.0188
[16/232] two-plane-four-peaks s0 vurs peak=0.10 placement 0.0123 end_to_end 0.0196
[17/232] two-plane-four-peaks s1 space-filling peak=0.20 placement 0.0174 end_to_end 0.0339
[18/232] two-plane-four-peaks s0 vurs-a peak=0.10 placement 0.0180 end_to_end 0.0211
[19/232] two-plane-four-peaks s0 gpr-n peak=0.10 placement 0.0175 end_to_end 0.0213
[20/232] two-plane-four-peaks s1 vwrs peak=0.20 placement 0.0137 end_to_end 0.0278
[21/232] two-plane-four-peaks s1 gpr-var peak=0.20 placement 0.0214 end_to_end 0.0290
[22/232] two-plane-four-peaks s1 vwrs-n peak=0.20 placement 0.0139 end_to_end 0.0231
[23/232] two-plane-four-peaks s1 vurs peak=0.20 placement 0.0138 end_to_end 0.0283
[24/232] two-plane-four-peaks s1 gpr-u50-g50 peak=0.20 placement 0.0249 end_to_end 0.0347
[25/232] two-plane-four-peaks s0 gpr-n peak=0.05 placement 0.0162 end_to_end 0.0170
[26/232] two-plane-four-peaks s2 space-filling peak=0.20 placement 0.0284 end_to_end 0.0356
[27/232] two-plane-four-peaks s1 vurs-a peak=0.20 placement 0.0167 end_to_end 0.0265
[28/232] two-plane-four-peaks s1 vurs-n peak=0.20 placement 0.0170 end_to_end 0.0269
[29/232] two-plane-four-peaks s2 vwrs peak=0.20 placement 0.0132 end_to_end 0.0227
[30/232] two-plane-four-peaks s1 gpr-n peak=0.20 placement 0.0292 end_to_end 0.0359
[31/232] two-plane-four-peaks s2 vwrs-n peak=0.20 placement 0.0157 end_to_end 0.0253
[32/232] two-plane-four-peaks s2 gpr-var peak=0.20 placement 0.0249 end_to_end 0.0316
[33/232] two-plane-four-peaks s2 vurs peak=0.20 placement 0.0120 end_to_end 0.0238
[34/232] two-plane-four-peaks s2 gpr-u50-g50 peak=0.20 placement 0.0182 end_to_end 0.0265
[35/232] three-plane-three-peaks s0 space-filling peak=0.20 placement 0.0229 end_to_end 0.0360
[36/232] two-plane-four-peaks s2 vurs-n peak=0.20 placement 0.0162 end_to_end 0.0244
[37/232] two-plane-four-peaks s2 vurs-a peak=0.20 placement 0.0194 end_to_end 0.0261
[38/232] three-plane-three-peaks s0 vwrs peak=0.20 placement 0.0140 end_to_end 0.0302
[39/232] two-plane-four-peaks s2 gpr-n peak=0.20 placement 0.0191 end_to_end 0.0260
[40/232] three-plane-three-peaks s0 vwrs-n peak=0.20 placement 0.0159 end_to_end 0.0330
[41/232] three-plane-three-peaks s0 vurs peak=0.20 placement 0.0128 end_to_end 0.0280
[42/232] three-plane-three-peaks s0 gpr-u50-g50 peak=0.20 placement 0.0155 end_to_end 0.0288
[43/232] three-plane-three-peaks s0 gpr-var peak=0.20 placement 0.0208 end_to_end 0.0346
[44/232] three-plane-three-peaks s1 space-filling peak=0.20 placement 0.0236 end_to_end 0.0329
[45/232] three-plane-three-peaks s0 vurs-n peak=0.20 placement 0.0116 end_to_end 0.0234
[46/232] three-plane-three-peaks s0 vurs-a peak=0.20 placement 0.0144 end_to_end 0.0271
[47/232] three-plane-three-peaks s1 vwrs peak=0.20 placement 0.0157 end_to_end 0.0332
[48/232] three-plane-three-peaks s1 gpr-var peak=0.20 placement 0.0217 end_to_end 0.0332
[49/232] three-plane-three-peaks s0 gpr-n peak=0.20 placement 0.0156 end_to_end 0.0287
[50/232] three-plane-three-peaks s1 vwrs-n peak=0.20 placement 0.0204 end_to_end 0.0417
[51/232] three-plane-three-peaks s1 gpr-u50-g50 peak=0.20 placement 0.0194 end_to_end 0.0320
[52/232] three-plane-three-peaks s1 vurs peak=0.20 placement 0.0118 end_to_end 0.0290
[53/232] three-plane-three-peaks s2 space-filling peak=0.20 placement 0.0195 end_to_end 0.0345
[54/232] three-plane-three-peaks s1 vurs-a peak=0.20 placement 0.0143 end_to_end 0.0350
[55/232] three-plane-three-peaks s1 vurs-n peak=0.20 placement 0.0133 end_to_end 0.0288
[56/232] three-plane-three-peaks s2 vwrs peak=0.20 placement 0.0171 end_to_end 0.0296
[57/232] three-plane-three-peaks s1 gpr-n peak=0.20 placement 0.0144 end_to_end 0.0272
[58/232] three-plane-three-peaks s2 vwrs-n peak=0.20 placement 0.0308 end_to_end 0.0417
[59/232] three-plane-three-peaks s2 vurs peak=0.20 placement 0.0120 end_to_end 0.0237
[60/232] three-plane-three-peaks s2 gpr-var peak=0.20 placement 0.0212 end_to_end 0.0301
[61/232] three-plane-three-peaks s2 gpr-u50-g50 peak=0.20 placement 0.0163 end_to_end 0.0267
[62/232] two-plane-asymmetric s0 space-filling peak=0.20 placement 0.0197 end_to_end 0.0385
[63/232] three-plane-three-peaks s2 vurs-a peak=0.20 placement 0.0151 end_to_end 0.0295
[64/232] three-plane-three-peaks s2 vurs-n peak=0.20 placement 0.0155 end_to_end 0.0239
[65/232] three-plane-three-peaks s2 gpr-n peak=0.20 placement 0.0163 end_to_end 0.0253
[66/232] two-plane-asymmetric s0 vwrs peak=0.20 placement 0.0119 end_to_end 0.0288
[67/232] two-plane-asymmetric s0 vwrs-n peak=0.20 placement 0.0171 end_to_end 0.0290
[68/232] two-plane-asymmetric s0 gpr-var peak=0.20 placement 0.0230 end_to_end 0.0299
[69/232] two-plane-asymmetric s0 gpr-u50-g50 peak=0.20 placement 0.0309 end_to_end 0.0383
[70/232] two-plane-asymmetric s0 vurs peak=0.20 placement 0.0127 end_to_end 0.0251
[71/232] two-plane-asymmetric s1 space-filling peak=0.20 placement 0.0160 end_to_end 0.0319
[72/232] two-plane-asymmetric s0 vurs-n peak=0.20 placement 0.0129 end_to_end 0.0226
[73/232] two-plane-asymmetric s0 vurs-a peak=0.20 placement 0.0157 end_to_end 0.0235
[74/232] two-plane-asymmetric s1 vwrs peak=0.20 placement 0.0083 end_to_end 0.0222
[75/232] two-plane-asymmetric s0 gpr-n peak=0.20 placement 0.0201 end_to_end 0.0298
[76/232] two-plane-asymmetric s1 vwrs-n peak=0.20 placement 0.0120 end_to_end 0.0233
[77/232] two-plane-asymmetric s1 gpr-var peak=0.20 placement 0.0206 end_to_end 0.0303
[78/232] two-plane-asymmetric s1 gpr-u50-g50 peak=0.20 placement 0.0197 end_to_end 0.0312
[79/232] two-plane-asymmetric s1 vurs peak=0.20 placement 0.0113 end_to_end 0.0273
[80/232] two-plane-asymmetric s2 space-filling peak=0.20 placement 0.0273 end_to_end 0.0342
[81/232] two-plane-asymmetric s1 vurs-n peak=0.20 placement 0.0131 end_to_end 0.0252
[82/232] two-plane-asymmetric s1 vurs-a peak=0.20 placement 0.0141 end_to_end 0.0247
[83/232] two-plane-asymmetric s2 vwrs peak=0.20 placement 0.0130 end_to_end 0.0234
[84/232] two-plane-asymmetric s1 gpr-n peak=0.20 placement 0.0144 end_to_end 0.0246
[85/232] two-plane-asymmetric s2 vwrs-n peak=0.20 placement 0.0119 end_to_end 0.0218
[86/232] two-plane-asymmetric s2 gpr-var peak=0.20 placement 0.0208 end_to_end 0.0300
[87/232] two-plane-asymmetric s2 vurs peak=0.20 placement 0.0119 end_to_end 0.0231
[88/232] two-plane-asymmetric s2 gpr-u50-g50 peak=0.20 placement 0.0153 end_to_end 0.0242
[89/232] two-plane-four-peaks s1 space-filling peak=0.10 placement 0.0174 end_to_end 0.0239
[90/232] two-plane-asymmetric s2 vurs-n peak=0.20 placement 0.0154 end_to_end 0.0236
[91/232] two-plane-asymmetric s2 vurs-a peak=0.20 placement 0.0149 end_to_end 0.0197
[92/232] two-plane-four-peaks s1 vwrs peak=0.10 placement 0.0100 end_to_end 0.0153
[93/232] two-plane-asymmetric s2 gpr-n peak=0.20 placement 0.0173 end_to_end 0.0273
[94/232] two-plane-four-peaks s1 vwrs-n peak=0.10 placement 0.0109 end_to_end 0.0168
[95/232] two-plane-four-peaks s1 gpr-var peak=0.10 placement 0.0224 end_to_end 0.0257
[96/232] two-plane-four-peaks s1 vurs peak=0.10 placement 0.0119 end_to_end 0.0180
[97/232] two-plane-four-peaks s1 gpr-u50-g50 peak=0.10 placement 0.0176 end_to_end 0.0199
[98/232] two-plane-four-peaks s2 space-filling peak=0.10 placement 0.0284 end_to_end 0.0311
[99/232] two-plane-four-peaks s1 vurs-n peak=0.10 placement 0.0127 end_to_end 0.0198
[100/232] two-plane-four-peaks s1 vurs-a peak=0.10 placement 0.0160 end_to_end 0.0210
[101/232] two-plane-four-peaks s2 vwrs peak=0.10 placement 0.0142 end_to_end 0.0174
[102/232] two-plane-four-peaks s1 gpr-n peak=0.10 placement 0.0167 end_to_end 0.0208
[103/232] two-plane-four-peaks s2 vwrs-n peak=0.10 placement 0.0117 end_to_end 0.0185
[104/232] two-plane-four-peaks s2 gpr-var peak=0.10 placement 0.0234 end_to_end 0.0273
[105/232] two-plane-four-peaks s2 vurs peak=0.10 placement 0.0128 end_to_end 0.0177
[106/232] two-plane-four-peaks s2 gpr-u50-g50 peak=0.10 placement 0.0184 end_to_end 0.0190
[107/232] three-plane-three-peaks s0 space-filling peak=0.10 placement 0.0229 end_to_end 0.0265
[108/232] two-plane-four-peaks s2 vurs-n peak=0.10 placement 0.0133 end_to_end 0.0170
[109/232] two-plane-four-peaks s2 vurs-a peak=0.10 placement 0.0165 end_to_end 0.0190
[110/232] three-plane-three-peaks s0 vwrs peak=0.10 placement 0.0104 end_to_end 0.0181
[111/232] two-plane-four-peaks s2 gpr-n peak=0.10 placement 0.0165 end_to_end 0.0187
[112/232] three-plane-three-peaks s0 vwrs-n peak=0.10 placement 0.0128 end_to_end 0.0196
[113/232] three-plane-three-peaks s0 gpr-var peak=0.10 placement 0.0210 end_to_end 0.0243
[114/232] three-plane-three-peaks s0 gpr-u50-g50 peak=0.10 placement 0.0176 end_to_end 0.0239
[115/232] three-plane-three-peaks s0 vurs peak=0.10 placement 0.0111 end_to_end 0.0199
[116/232] three-plane-three-peaks s1 space-filling peak=0.10 placement 0.0236 end_to_end 0.0267
[117/232] three-plane-three-peaks s0 vurs-n peak=0.10 placement 0.0093 end_to_end 0.0162
[118/232] three-plane-three-peaks s0 vurs-a peak=0.10 placement 0.0154 end_to_end 0.0212
[119/232] three-plane-three-peaks s1 vwrs peak=0.10 placement 0.0159 end_to_end 0.0215
[120/232] three-plane-three-peaks s0 gpr-n peak=0.10 placement 0.0160 end_to_end 0.0224
[121/232] three-plane-three-peaks s1 gpr-var peak=0.10 placement 0.0183 end_to_end 0.0224
[122/232] three-plane-three-peaks s1 vwrs-n peak=0.10 placement 0.0153 end_to_end 0.0240
[123/232] three-plane-three-peaks s1 vurs peak=0.10 placement 0.0117 end_to_end 0.0180
[124/232] three-plane-three-peaks s1 gpr-u50-g50 peak=0.10 placement 0.0157 end_to_end 0.0211
[125/232] three-plane-three-peaks s2 space-filling peak=0.10 placement 0.0195 end_to_end 0.0257
[126/232] three-plane-three-peaks s1 vurs-n peak=0.10 placement 0.0113 end_to_end 0.0163
[127/232] three-plane-three-peaks s1 vurs-a peak=0.10 placement 0.0134 end_to_end 0.0172
[128/232] three-plane-three-peaks s2 vwrs peak=0.10 placement 0.0122 end_to_end 0.0178
[129/232] three-plane-three-peaks s2 gpr-var peak=0.10 placement 0.0195 end_to_end 0.0232
[130/232] three-plane-three-peaks s2 vwrs-n peak=0.10 placement 0.0144 end_to_end 0.0235
[131/232] three-plane-three-peaks s1 gpr-n peak=0.10 placement 0.0137 end_to_end 0.0174
[132/232] three-plane-three-peaks s2 vurs peak=0.10 placement 0.0109 end_to_end 0.0157
[133/232] three-plane-three-peaks s2 gpr-u50-g50 peak=0.10 placement 0.0145 end_to_end 0.0189
[134/232] two-plane-asymmetric s0 space-filling peak=0.10 placement 0.0197 end_to_end 0.0273
[135/232] three-plane-three-peaks s2 vurs-n peak=0.10 placement 0.0138 end_to_end 0.0185
[136/232] three-plane-three-peaks s2 vurs-a peak=0.10 placement 0.0136 end_to_end 0.0187
[137/232] two-plane-asymmetric s0 vwrs peak=0.10 placement 0.0116 end_to_end 0.0180
[138/232] three-plane-three-peaks s2 gpr-n peak=0.10 placement 0.0144 end_to_end 0.0187
[139/232] two-plane-asymmetric s0 vwrs-n peak=0.10 placement 0.0171 end_to_end 0.0221
[140/232] two-plane-asymmetric s0 gpr-var peak=0.10 placement 0.0221 end_to_end 0.0260
[141/232] two-plane-asymmetric s0 vurs peak=0.10 placement 0.0110 end_to_end 0.0167
[142/232] two-plane-asymmetric s0 gpr-u50-g50 peak=0.10 placement 0.0154 end_to_end 0.0189
[143/232] two-plane-asymmetric s1 space-filling peak=0.10 placement 0.0160 end_to_end 0.0221
[144/232] two-plane-asymmetric s0 vurs-n peak=0.10 placement 0.0127 end_to_end 0.0164
[145/232] two-plane-asymmetric s0 vurs-a peak=0.10 placement 0.0147 end_to_end 0.0196
[146/232] two-plane-asymmetric s1 vwrs peak=0.10 placement 0.0081 end_to_end 0.0144
[147/232] two-plane-asymmetric s0 gpr-n peak=0.10 placement 0.0163 end_to_end 0.0210
[148/232] two-plane-asymmetric s1 gpr-var peak=0.10 placement 0.0218 end_to_end 0.0254
[149/232] two-plane-asymmetric s1 vwrs-n peak=0.10 placement 0.0105 end_to_end 0.0155
[150/232] two-plane-asymmetric s1 gpr-u50-g50 peak=0.10 placement 0.0159 end_to_end 0.0172
[151/232] two-plane-asymmetric s1 vurs peak=0.10 placement 0.0099 end_to_end 0.0149
[152/232] two-plane-asymmetric s2 space-filling peak=0.10 placement 0.0273 end_to_end 0.0298
[153/232] two-plane-asymmetric s1 vurs-a peak=0.10 placement 0.0139 end_to_end 0.0215
[154/232] two-plane-asymmetric s1 vurs-n peak=0.10 placement 0.0146 end_to_end 0.0213
[155/232] two-plane-asymmetric s2 vwrs peak=0.10 placement 0.0108 end_to_end 0.0156
[156/232] two-plane-asymmetric s2 gpr-var peak=0.10 placement 0.0188 end_to_end 0.0195
[157/232] two-plane-asymmetric s2 vwrs-n peak=0.10 placement 0.0105 end_to_end 0.0161
[158/232] two-plane-asymmetric s1 gpr-n peak=0.10 placement 0.0151 end_to_end 0.0186
[159/232] two-plane-asymmetric s2 vurs peak=0.10 placement 0.0112 end_to_end 0.0163
[160/232] two-plane-asymmetric s2 gpr-u50-g50 peak=0.10 placement 0.0146 end_to_end 0.0180
[161/232] two-plane-asymmetric s2 vurs-a peak=0.10 placement 0.0142 end_to_end 0.0180
[162/232] two-plane-asymmetric s2 vurs-n peak=0.10 placement 0.0123 end_to_end 0.0169
[163/232] two-plane-four-peaks s1 vwrs-n peak=0.05 placement 0.0090 end_to_end 0.0114
[164/232] two-plane-asymmetric s2 gpr-n peak=0.10 placement 0.0144 end_to_end 0.0180
[165/232] two-plane-four-peaks s1 gpr-u50-g50 peak=0.05 placement 0.0159 end_to_end 0.0174
[166/232] two-plane-four-peaks s1 vurs peak=0.05 placement 0.0120 end_to_end 0.0140
[167/232] two-plane-four-peaks s2 space-filling peak=0.05 placement 0.0284 end_to_end 0.0297
[168/232] two-plane-four-peaks s1 vurs-n peak=0.05 placement 0.0115 end_to_end 0.0143
[169/232] two-plane-four-peaks s1 vurs-a peak=0.05 placement 0.0166 end_to_end 0.0176
[170/232] two-plane-four-peaks s2 vwrs peak=0.05 placement 0.0115 end_to_end 0.0136
[171/232] two-plane-four-peaks s1 gpr-n peak=0.05 placement 0.0157 end_to_end 0.0175
[172/232] two-plane-four-peaks s2 vwrs-n peak=0.05 placement 0.0154 end_to_end 0.0166
[173/232] two-plane-four-peaks s2 gpr-var peak=0.05 placement 0.0217 end_to_end 0.0227
[174/232] two-plane-four-peaks s2 gpr-u50-g50 peak=0.05 placement 0.0179 end_to_end 0.0197
[175/232] two-plane-four-peaks s2 vurs peak=0.05 placement 0.0117 end_to_end 0.0144
[176/232] three-plane-three-peaks s0 space-filling peak=0.05 placement 0.0229 end_to_end 0.0236
[177/232] two-plane-four-peaks s2 vurs-n peak=0.05 placement 0.0132 end_to_end 0.0154
[178/232] two-plane-four-peaks s2 vurs-a peak=0.05 placement 0.0149 end_to_end 0.0163
[179/232] three-plane-three-peaks s0 vwrs peak=0.05 placement 0.0109 end_to_end 0.0144
[180/232] two-plane-four-peaks s2 gpr-n peak=0.05 placement 0.0184 end_to_end 0.0201
[181/232] three-plane-three-peaks s0 vwrs-n peak=0.05 placement 0.0118 end_to_end 0.0146
[182/232] three-plane-three-peaks s0 gpr-var peak=0.05 placement 0.0187 end_to_end 0.0191
[183/232] three-plane-three-peaks s0 vurs peak=0.05 placement 0.0126 end_to_end 0.0143
[184/232] three-plane-three-peaks s0 gpr-u50-g50 peak=0.05 placement 0.0155 end_to_end 0.0186
[185/232] three-plane-three-peaks s1 space-filling peak=0.05 placement 0.0236 end_to_end 0.0248
[186/232] three-plane-three-peaks s0 vurs-n peak=0.05 placement 0.0111 end_to_end 0.0138
[187/232] three-plane-three-peaks s0 vurs-a peak=0.05 placement 0.0139 end_to_end 0.0160
[188/232] three-plane-three-peaks s1 vwrs peak=0.05 placement 0.0088 end_to_end 0.0137
[189/232] three-plane-three-peaks s1 gpr-var peak=0.05 placement 0.0218 end_to_end 0.0220
[190/232] three-plane-three-peaks s1 vwrs-n peak=0.05 placement 0.0124 end_to_end 0.0149
[191/232] three-plane-three-peaks s0 gpr-n peak=0.05 placement 0.0145 end_to_end 0.0164
[192/232] three-plane-three-peaks s1 gpr-u50-g50 peak=0.05 placement 0.0150 end_to_end 0.0164
[193/232] three-plane-three-peaks s1 vurs peak=0.05 placement 0.0100 end_to_end 0.0127
[194/232] three-plane-three-peaks s2 space-filling peak=0.05 placement 0.0195 end_to_end 0.0224
[195/232] three-plane-three-peaks s1 vurs-n peak=0.05 placement 0.0109 end_to_end 0.0139
[196/232] three-plane-three-peaks s1 vurs-a peak=0.05 placement 0.0129 end_to_end 0.0146
[197/232] three-plane-three-peaks s2 vwrs peak=0.05 placement 0.0129 end_to_end 0.0155
[198/232] three-plane-three-peaks s1 gpr-n peak=0.05 placement 0.0131 end_to_end 0.0152
[199/232] three-plane-three-peaks s2 vwrs-n peak=0.05 placement 0.0154 end_to_end 0.0186
[200/232] three-plane-three-peaks s2 gpr-var peak=0.05 placement 0.0206 end_to_end 0.0209
[201/232] three-plane-three-peaks s2 vurs peak=0.05 placement 0.0128 end_to_end 0.0150
[202/232] three-plane-three-peaks s2 gpr-u50-g50 peak=0.05 placement 0.0168 end_to_end 0.0179
[203/232] two-plane-asymmetric s0 space-filling peak=0.05 placement 0.0197 end_to_end 0.0228
[204/232] three-plane-three-peaks s2 vurs-n peak=0.05 placement 0.0116 end_to_end 0.0139
[205/232] three-plane-three-peaks s2 vurs-a peak=0.05 placement 0.0123 end_to_end 0.0147
[206/232] two-plane-asymmetric s0 vwrs peak=0.05 placement 0.0116 end_to_end 0.0142
[207/232] two-plane-asymmetric s0 gpr-var peak=0.05 placement 0.0213 end_to_end 0.0208
[208/232] three-plane-three-peaks s2 gpr-n peak=0.05 placement 0.0136 end_to_end 0.0148
[209/232] two-plane-asymmetric s0 vwrs-n peak=0.05 placement 0.0127 end_to_end 0.0144
[210/232] two-plane-asymmetric s0 vurs peak=0.05 placement 0.0117 end_to_end 0.0140
[211/232] two-plane-asymmetric s0 gpr-u50-g50 peak=0.05 placement 0.0146 end_to_end 0.0161
[212/232] two-plane-asymmetric s1 space-filling peak=0.05 placement 0.0160 end_to_end 0.0184
[213/232] two-plane-asymmetric s0 vurs-n peak=0.05 placement 0.0113 end_to_end 0.0138
[214/232] two-plane-asymmetric s0 vurs-a peak=0.05 placement 0.0180 end_to_end 0.0189
[215/232] two-plane-asymmetric s1 vwrs peak=0.05 placement 0.0090 end_to_end 0.0118
[216/232] two-plane-asymmetric s1 gpr-var peak=0.05 placement 0.0195 end_to_end 0.0199
[217/232] two-plane-asymmetric s0 gpr-n peak=0.05 placement 0.0162 end_to_end 0.0186
[218/232] two-plane-asymmetric s1 vwrs-n peak=0.05 placement 0.0080 end_to_end 0.0116
[219/232] two-plane-asymmetric s1 vurs peak=0.05 placement 0.0099 end_to_end 0.0116
[220/232] two-plane-asymmetric s1 gpr-u50-g50 peak=0.05 placement 0.0146 end_to_end 0.0172
[221/232] two-plane-asymmetric s2 space-filling peak=0.05 placement 0.0273 end_to_end 0.0285
[222/232] two-plane-asymmetric s1 vurs-n peak=0.05 placement 0.0098 end_to_end 0.0117
[223/232] two-plane-asymmetric s1 vurs-a peak=0.05 placement 0.0158 end_to_end 0.0166
[224/232] two-plane-asymmetric s2 vwrs peak=0.05 placement 0.0110 end_to_end 0.0128
[225/232] two-plane-asymmetric s1 gpr-n peak=0.05 placement 0.0135 end_to_end 0.0151
[226/232] two-plane-asymmetric s2 vwrs-n peak=0.05 placement 0.0123 end_to_end 0.0139
[227/232] two-plane-asymmetric s2 gpr-var peak=0.05 placement 0.0204 end_to_end 0.0211
[228/232] two-plane-asymmetric s2 vurs peak=0.05 placement 0.0111 end_to_end 0.0122
[229/232] two-plane-asymmetric s2 gpr-u50-g50 peak=0.05 placement 0.0153 end_to_end 0.0170
[230/232] two-plane-asymmetric s2 vurs-n peak=0.05 placement 0.0107 end_to_end 0.0125
[231/232] two-plane-asymmetric s2 vurs-a peak=0.05 placement 0.0136 end_to_end 0.0152
[232/232] two-plane-asymmetric s2 gpr-n peak=0.05 placement 0.0138 end_to_end 0.0156
saved results\noise-2d-2026-09-21\results.json (2304 rows, 0 failures)
